// Jest Snapshot v1, https://goo.gl/fbAQLP

exports[`ChosenPhoto snapshot test 1`] = `null`;
